// Jest Snapshot v1, https://goo.gl/fbAQLP

exports[`NotFound page tests NotFound page snapshot 1`] = `
Object {
  "asFragment": [Function],
  "baseElement": <body>
    <div>
      <div
        class="sc-dkzDqf dbxxpE"
        data-testid="layout-container"
      >
        <header
          class="sc-bczRLJ fDDTxG"
        >
          <a
            aria-current="page"
            class="logo active"
            href="/"
          >
            RACOON digest
          </a>
          <nav
            class="sc-gsnTZi fwfCFK"
          >
            <a
              aria-current="page"
              class="active-link"
              data-testid="mainpage-link"
              href="/"
            >
              Home
            </a>
            <a
              data-testid="aboutpage-link"
              href="/about"
            >
              About
            </a>
            <a
              data-testid="contactspage-link"
              href="/contacts"
            >
              Contacts
            </a>
          </nav>
        </header>
        <div
          class="sc-fLlhyt dyulgG"
        >
          <h2
            class="sc-bBrHrO jNTwPq"
          >
            404
          </h2>
          <p
            class="sc-ivTmOn jzgAIj"
          >
            sorry, page not found
          </p>
          <a
            class="sc-cxabCf bimnAM"
            href="/"
          >
            ► back home
          </a>
        </div>
      </div>
    </div>
  </body>,
  "container": <div>
    <div
      class="sc-dkzDqf dbxxpE"
      data-testid="layout-container"
    >
      <header
        class="sc-bczRLJ fDDTxG"
      >
        <a
          aria-current="page"
          class="logo active"
          href="/"
        >
          RACOON digest
        </a>
        <nav
          class="sc-gsnTZi fwfCFK"
        >
          <a
            aria-current="page"
            class="active-link"
            data-testid="mainpage-link"
            href="/"
          >
            Home
          </a>
          <a
            data-testid="aboutpage-link"
            href="/about"
          >
            About
          </a>
          <a
            data-testid="contactspage-link"
            href="/contacts"
          >
            Contacts
          </a>
        </nav>
      </header>
      <div
        class="sc-fLlhyt dyulgG"
      >
        <h2
          class="sc-bBrHrO jNTwPq"
        >
          404
        </h2>
        <p
          class="sc-ivTmOn jzgAIj"
        >
          sorry, page not found
        </p>
        <a
          class="sc-cxabCf bimnAM"
          href="/"
        >
          ► back home
        </a>
      </div>
    </div>
  </div>,
  "debug": [Function],
  "findAllByAltText": [Function],
  "findAllByDisplayValue": [Function],
  "findAllByLabelText": [Function],
  "findAllByPlaceholderText": [Function],
  "findAllByRole": [Function],
  "findAllByTestId": [Function],
  "findAllByText": [Function],
  "findAllByTitle": [Function],
  "findByAltText": [Function],
  "findByDisplayValue": [Function],
  "findByLabelText": [Function],
  "findByPlaceholderText": [Function],
  "findByRole": [Function],
  "findByTestId": [Function],
  "findByText": [Function],
  "findByTitle": [Function],
  "getAllByAltText": [Function],
  "getAllByDisplayValue": [Function],
  "getAllByLabelText": [Function],
  "getAllByPlaceholderText": [Function],
  "getAllByRole": [Function],
  "getAllByTestId": [Function],
  "getAllByText": [Function],
  "getAllByTitle": [Function],
  "getByAltText": [Function],
  "getByDisplayValue": [Function],
  "getByLabelText": [Function],
  "getByPlaceholderText": [Function],
  "getByRole": [Function],
  "getByTestId": [Function],
  "getByText": [Function],
  "getByTitle": [Function],
  "queryAllByAltText": [Function],
  "queryAllByDisplayValue": [Function],
  "queryAllByLabelText": [Function],
  "queryAllByPlaceholderText": [Function],
  "queryAllByRole": [Function],
  "queryAllByTestId": [Function],
  "queryAllByText": [Function],
  "queryAllByTitle": [Function],
  "queryByAltText": [Function],
  "queryByDisplayValue": [Function],
  "queryByLabelText": [Function],
  "queryByPlaceholderText": [Function],
  "queryByRole": [Function],
  "queryByTestId": [Function],
  "queryByText": [Function],
  "queryByTitle": [Function],
  "rerender": [Function],
  "unmount": [Function],
}
`;
